// Jest Snapshot v1, https://goo.gl/fbAQLP

exports[`validation invalid get request 1`] = `"Cannot read property 'replace' of undefined"`;

exports[`validation invalid get request 2`] = `Object {}`;

exports[`validation invalid post request 1`] = `"Cannot read property 'replace' of undefined"`;

exports[`validation invalid post request 2`] = `Object {}`;
